// Jest Snapshot v1, https://goo.gl/fbAQLP

exports[`CounterApp should match with snapshot 1`] = `
<div>
  <h1>
    CounterApp
  </h1>
  <h2>
    10
  </h2>
  <button
    aria-label="btn-inc"
  >
     +1 
  </button>
  <button
    aria-label="btn-dec"
  >
     -1 
  </button>
  <button
    aria-label="btn-reset"
  >
     Reset 
  </button>
</div>
`;
